// Jest Snapshot v1, https://goo.gl/fbAQLP

exports[`reading data works 1`] = `
Uint8Array [
  0,
  64,
  0,
  32,
  197,
  240,
  0,
  8,
  17,
  241,
  0,
  8,
  17,
  241,
  0,
  8,
  0,
  0,
  0,
  0,
  0,
  0,
  0,
  0,
  0,
  0,
  0,
  0,
  0,
  0,
  0,
  0,
  0,
  0,
  0,
  0,
  0,
  0,
  0,
  0,
  0,
  0,
  0,
  0,
  17,
  241,
  0,
  8,
  0,
  0,
  0,
  0,
  0,
  0,
  0,
  0,
  17,
  241,
  0,
  8,
  137,
  50,
  1,
  8,
  17,
  241,
  0,
  8,
  0,
  0,
  0,
  0,
  17,
  241,
  0,
  8,
  17,
  241,
  0,
  8,
  17,
  241,
  0,
  8,
  229,
  51,
  1,
  8,
  237,
  43,
  1,
  8,
  17,
  241,
  0,
  8,
  0,
  0,
  0,
  0,
]
`;

exports[`reading data works 2`] = `
Object {
  "checksum-type": "sum",
  "device-id": 64,
  "firmware-version": "v3.0.0a10",
  "max-firmware-size": 108544,
  "metadata-version": "1.0.0",
  "mpy-abi-version": 5,
  "mpy-cross-options": Array [
    "-mno-unicode",
  ],
  "user-mpy-offset": 100008,
}
`;

exports[`reading data works 3`] = `
"from pybricks import version
from pybricks.tools import wait

print(version)
wait(5000)
print(\\"Hello, World!\\")
"
`;

exports[`reading data works 4`] = `
"========================================================================================================================

pybricks-micropython-movehub-firmware

------------------------------------------------------------------------------------------------------------------------

========================================================================================================================

 MAIN LICENSES

------------------------------------------------------------------------------------------------------------------------

MIT

MIT License Copyright (c) <year> <copyright holders>

Permission is hereby granted, free of charge, to any person obtaining a copy of this software and associated documentation files (the \\"Software\\"), to deal in the Software without restriction, including without limitation the rights to use, copy, modify, merge, publish, distribute, sublicense, and/or sell copies of the Software, and to permit persons to whom the Software is furnished to do so, subject to the following conditions:

The above copyright notice and this permission notice (including the next paragraph) shall be included in all copies or substantial portions of the Software.

THE SOFTWARE IS PROVIDED \\"AS IS\\", WITHOUT WARRANTY OF ANY KIND, EXPRESS OR IMPLIED, INCLUDING BUT NOT LIMITED TO THE WARRANTIES OF MERCHANTABILITY, FITNESS FOR A PARTICULAR PURPOSE AND NONINFRINGEMENT. IN NO EVENT SHALL THE AUTHORS OR COPYRIGHT HOLDERS BE LIABLE FOR ANY CLAIM, DAMAGES OR OTHER LIABILITY, WHETHER IN AN ACTION OF CONTRACT, TORT OR OTHERWISE, ARISING FROM, OUT OF OR IN CONNECTION WITH THE SOFTWARE OR THE USE OR OTHER DEALINGS IN THE SOFTWARE.

------------------------------------------------------------------------------------------------------------------------
"
`;
